// Jest Snapshot v1, https://goo.gl/fbAQLP

exports[`<CreateRequest /> stores a snapshot of the component 1`] = `
ShallowWrapper {
  Symbol(enzyme.__root__): [Circular],
  Symbol(enzyme.__unrendered__): <CreateRequest
    createRequestAction={[Function]}
    error=""
    history={
      Object {
        "push": [MockFunction],
      }
    }
    logout={[Function]}
    requestDetail={
      Object {
        "checkStatus": Object {
          "error": false,
          "isLoading": false,
          "success": false,
        },
      }
    }
    userDetail={
      Object {
        "checkStatus": Object {
          "error": false,
          "isLoading": false,
          "success": false,
        },
      }
    }
  />,
  Symbol(enzyme.__renderer__): Object {
    "batchedUpdates": [Function],
    "getNode": [Function],
    "render": [Function],
    "simulateError": [Function],
    "simulateEvent": [Function],
    "unmount": [Function],
  },
  Symbol(enzyme.__node__): Object {
    "instance": null,
    "key": undefined,
    "nodeType": "host",
    "props": Object {
      "children": Array [
        <Header>
          <Link
            replace={false}
            to="/"
          >
            Home
          </Link>
          <Link
            replace={false}
            to="/createrequest"
          >
            Create request
          </Link>
           
          <Link
            replace={false}
            to="/allrequests"
          >
            My requests
          </Link>
           
          <button
            className="header-btn"
            onClick={[Function]}
          >
            Logout
          </button>
        </Header>,
        <CreateRequest
          buttonText="Create Request"
          department=""
          description=""
          editRequest={[Function]}
          equipment=""
          errors={Object {}}
          handleChange={[Function]}
          handleSubmit={[Function]}
          logout={[Function]}
          requestDetail={
            Object {
              "checkStatus": Object {
                "error": false,
                "isLoading": false,
                "success": false,
              },
            }
          }
          title=""
          titleText="Create Request"
          userDetail={
            Object {
              "checkStatus": Object {
                "error": false,
                "isLoading": false,
                "success": false,
              },
            }
          }
        />,
      ],
    },
    "ref": null,
    "rendered": Array [
      Object {
        "instance": null,
        "key": undefined,
        "nodeType": "class",
        "props": Object {
          "children": Array [
            <Link
              replace={false}
              to="/"
            >
              Home
            </Link>,
            <Link
              replace={false}
              to="/createrequest"
            >
              Create request
            </Link>,
            " ",
            <Link
              replace={false}
              to="/allrequests"
            >
              My requests
            </Link>,
            " ",
            <button
              className="header-btn"
              onClick={[Function]}
            >
              Logout
            </button>,
          ],
        },
        "ref": null,
        "rendered": Array [
          Object {
            "instance": null,
            "key": undefined,
            "nodeType": "class",
            "props": Object {
              "children": "Home",
              "replace": false,
              "to": "/",
            },
            "ref": null,
            "rendered": "Home",
            "type": [Function],
          },
          Object {
            "instance": null,
            "key": undefined,
            "nodeType": "class",
            "props": Object {
              "children": "Create request",
              "replace": false,
              "to": "/createrequest",
            },
            "ref": null,
            "rendered": "Create request",
            "type": [Function],
          },
          " ",
          Object {
            "instance": null,
            "key": undefined,
            "nodeType": "class",
            "props": Object {
              "children": "My requests",
              "replace": false,
              "to": "/allrequests",
            },
            "ref": null,
            "rendered": "My requests",
            "type": [Function],
          },
          " ",
          Object {
            "instance": null,
            "key": undefined,
            "nodeType": "host",
            "props": Object {
              "children": "Logout",
              "className": "header-btn",
              "onClick": [Function],
            },
            "ref": null,
            "rendered": "Logout",
            "type": "button",
          },
        ],
        "type": [Function],
      },
      Object {
        "instance": null,
        "key": undefined,
        "nodeType": "function",
        "props": Object {
          "buttonText": "Create Request",
          "department": "",
          "description": "",
          "editRequest": [Function],
          "equipment": "",
          "errors": Object {},
          "handleChange": [Function],
          "handleSubmit": [Function],
          "logout": [Function],
          "requestDetail": Object {
            "checkStatus": Object {
              "error": false,
              "isLoading": false,
              "success": false,
            },
          },
          "title": "",
          "titleText": "Create Request",
          "userDetail": Object {
            "checkStatus": Object {
              "error": false,
              "isLoading": false,
              "success": false,
            },
          },
        },
        "ref": null,
        "rendered": null,
        "type": [Function],
      },
    ],
    "type": "div",
  },
  Symbol(enzyme.__nodes__): Array [
    Object {
      "instance": null,
      "key": undefined,
      "nodeType": "host",
      "props": Object {
        "children": Array [
          <Header>
            <Link
              replace={false}
              to="/"
            >
              Home
            </Link>
            <Link
              replace={false}
              to="/createrequest"
            >
              Create request
            </Link>
             
            <Link
              replace={false}
              to="/allrequests"
            >
              My requests
            </Link>
             
            <button
              className="header-btn"
              onClick={[Function]}
            >
              Logout
            </button>
          </Header>,
          <CreateRequest
            buttonText="Create Request"
            department=""
            description=""
            editRequest={[Function]}
            equipment=""
            errors={Object {}}
            handleChange={[Function]}
            handleSubmit={[Function]}
            logout={[Function]}
            requestDetail={
              Object {
                "checkStatus": Object {
                  "error": false,
                  "isLoading": false,
                  "success": false,
                },
              }
            }
            title=""
            titleText="Create Request"
            userDetail={
              Object {
                "checkStatus": Object {
                  "error": false,
                  "isLoading": false,
                  "success": false,
                },
              }
            }
          />,
        ],
      },
      "ref": null,
      "rendered": Array [
        Object {
          "instance": null,
          "key": undefined,
          "nodeType": "class",
          "props": Object {
            "children": Array [
              <Link
                replace={false}
                to="/"
              >
                Home
              </Link>,
              <Link
                replace={false}
                to="/createrequest"
              >
                Create request
              </Link>,
              " ",
              <Link
                replace={false}
                to="/allrequests"
              >
                My requests
              </Link>,
              " ",
              <button
                className="header-btn"
                onClick={[Function]}
              >
                Logout
              </button>,
            ],
          },
          "ref": null,
          "rendered": Array [
            Object {
              "instance": null,
              "key": undefined,
              "nodeType": "class",
              "props": Object {
                "children": "Home",
                "replace": false,
                "to": "/",
              },
              "ref": null,
              "rendered": "Home",
              "type": [Function],
            },
            Object {
              "instance": null,
              "key": undefined,
              "nodeType": "class",
              "props": Object {
                "children": "Create request",
                "replace": false,
                "to": "/createrequest",
              },
              "ref": null,
              "rendered": "Create request",
              "type": [Function],
            },
            " ",
            Object {
              "instance": null,
              "key": undefined,
              "nodeType": "class",
              "props": Object {
                "children": "My requests",
                "replace": false,
                "to": "/allrequests",
              },
              "ref": null,
              "rendered": "My requests",
              "type": [Function],
            },
            " ",
            Object {
              "instance": null,
              "key": undefined,
              "nodeType": "host",
              "props": Object {
                "children": "Logout",
                "className": "header-btn",
                "onClick": [Function],
              },
              "ref": null,
              "rendered": "Logout",
              "type": "button",
            },
          ],
          "type": [Function],
        },
        Object {
          "instance": null,
          "key": undefined,
          "nodeType": "function",
          "props": Object {
            "buttonText": "Create Request",
            "department": "",
            "description": "",
            "editRequest": [Function],
            "equipment": "",
            "errors": Object {},
            "handleChange": [Function],
            "handleSubmit": [Function],
            "logout": [Function],
            "requestDetail": Object {
              "checkStatus": Object {
                "error": false,
                "isLoading": false,
                "success": false,
              },
            },
            "title": "",
            "titleText": "Create Request",
            "userDetail": Object {
              "checkStatus": Object {
                "error": false,
                "isLoading": false,
                "success": false,
              },
            },
          },
          "ref": null,
          "rendered": null,
          "type": [Function],
        },
      ],
      "type": "div",
    },
  ],
  Symbol(enzyme.__options__): Object {
    "adapter": ReactSixteenAdapter {
      "options": Object {
        "enableComponentDidUpdateOnSetState": true,
        "lifecycles": Object {
          "componentDidUpdate": Object {
            "onSetState": true,
          },
          "getDerivedStateFromProps": true,
          "getSnapshotBeforeUpdate": true,
          "setState": Object {
            "skipsComponentDidUpdateOnNullish": true,
          },
        },
      },
    },
    "attachTo": undefined,
    "hydrateIn": undefined,
  },
}
`;
